
> my-game@0.1.0 dev
> next dev

   ▲ Next.js 15.1.7
   - Local:        http://localhost:3000
   - Network:      http://192.168.0.2:3000

 ✓ Starting...
 ✓ Ready in 1872ms
 ○ Compiling / ...
 ✓ Compiled / in 6.3s (692 modules)
 GET / 200 in 7149ms
 ⨯ ./node_modules/next/dist/lib/metadata/metadata-boundary.js
Error: ENOENT: no such file or directory, open '/app/node_modules/next/dist/lib/metadata/metadata-boundary.js'

Import trace for requested module:
./node_modules/next/dist/lib/metadata/metadata-boundary.js
 ⨯ ./node_modules/next/dist/lib/metadata/metadata-boundary.js
Error: ENOENT: no such file or directory, open '/app/node_modules/next/dist/lib/metadata/metadata-boundary.js'

Import trace for requested module:
./node_modules/next/dist/lib/metadata/metadata-boundary.js
 ⨯ ./node_modules/next/dist/lib/metadata/metadata-boundary.js
Error: ENOENT: no such file or directory, open '/app/node_modules/next/dist/lib/metadata/metadata-boundary.js'

Import trace for requested module:
./node_modules/next/dist/lib/metadata/metadata-boundary.js
 ⨯ ./node_modules/next/dist/lib/metadata/metadata-boundary.js
Error: ENOENT: no such file or directory, open '/app/node_modules/next/dist/lib/metadata/metadata-boundary.js'

Import trace for requested module:
./node_modules/next/dist/lib/metadata/metadata-boundary.js
 ⨯ ./node_modules/next/dist/lib/metadata/metadata-boundary.js
Error: ENOENT: no such file or directory, open '/app/node_modules/next/dist/lib/metadata/metadata-boundary.js'

Import trace for requested module:
./node_modules/next/dist/lib/metadata/metadata-boundary.js
 ⨯ ./node_modules/next/dist/lib/metadata/metadata-boundary.js
Error: ENOENT: no such file or directory, open '/app/node_modules/next/dist/lib/metadata/metadata-boundary.js'

Import trace for requested module:
./node_modules/next/dist/lib/metadata/metadata-boundary.js
 ⨯ ./node_modules/next/dist/lib/require-instrumentation-client.js:11:1
Module not found: Can't resolve 'private-next-instrumentation-client'

https://nextjs.org/docs/messages/module-not-found

Import trace for requested module:
./node_modules/next/dist/client/app-next-dev.js
